<kat-imp>
  <s>
    #STUCK ( )
  </s>
  <kat>
    <analysis>
      .Rules , < <imp>
        <k>
          int n , s , .Ids ; while ( 0 <= n ) { n = n + -1 ; s = s + n ; } s = s + 300 ;
        </k>
        <mem>
          .Map
        </mem>
      </imp> --> <imp>
        <k>
          { } ~> s = s + 300 ;
        </k>
        <mem>
          n |-> V0
          s |-> V1
        </mem>
      </imp> > , < <imp>
        <k>
          int n , s , .Ids ; while ( 0 <= n ) { n = n + -1 ; s = s + n ; } s = s + 300 ;
        </k>
        <mem>
          .Map
        </mem>
      </imp> --> <imp>
        <k>
          { { n = n + -1 ; s = s + n ; } while ( 0 <= n ) { n = n + -1 ; s = s + n ; } } ~> s = s + 300 ;
        </k>
        <mem>
          n |-> V2
          s |-> V3
        </mem>
      </imp> > , < <imp>
        <k>
          { { n = n + -1 ; s = s + n ; } while ( 0 <= n ) { n = n + -1 ; s = s + n ; } } ~> s = s + 300 ;
        </k>
        <mem>
          n |-> V4
          s |-> V5
        </mem>
      </imp> --> <imp>
        <k>
          { } ~> s = s + 300 ;
        </k>
        <mem>
          n |-> V4 +Int -1
          s |-> V5 +Int ( V4 +Int -1 )
        </mem>
      </imp> > , < <imp>
        <k>
          { { n = n + -1 ; s = s + n ; } while ( 0 <= n ) { n = n + -1 ; s = s + n ; } } ~> s = s + 300 ;
        </k>
        <mem>
          n |-> V6
          s |-> V7
        </mem>
      </imp> --> <imp>
        <k>
          { { n = n + -1 ; s = s + n ; } while ( 0 <= n ) { n = n + -1 ; s = s + n ; } } ~> s = s + 300 ;
        </k>
        <mem>
          n |-> V6 +Int -1
          s |-> V7 +Int ( V6 +Int -1 )
        </mem>
      </imp> > , < <imp>
        <k>
          { } ~> s = s + 300 ;
        </k>
        <mem>
          n |-> V8
          s |-> V9
        </mem>
      </imp> --> <imp>
        <k>
          .
        </k>
        <mem>
          n |-> V8
          s |-> V9 +Int 300
        </mem>
      </imp> >
    </analysis>
    <states>
      .States
    </states>
  </kat>
  <harness>
    <imp>
      <k>
        .
      </k>
      <mem>
        n |-> V8
        s |-> V9 +Int 300
      </mem>
    </imp>
  </harness>
</kat-imp>
