Result ==K <kat-imp>
  <s>
    #STUCK ( ) ~> #bimc-result #true in 1 steps
  </s>
  <kat>
    <analysis>
      .Trace ; <imp>
        <k>
          x ~> #freezer_+__IMP1_ ( 15 ) ~> #freezer_=_;_IMP0_ ( x )
        </k>
        <mem>
          x |-> 0
        </mem>
      </imp>
    </analysis>
    <states>
      .States
    </states>
  </kat>
  <harness>
    <imp>
      <k>
        x = 15 ;
      </k>
      <mem>
        x |-> 0
      </mem>
    </imp>
  </harness>
</kat-imp>
