
Strategy: #orig
================================================================================
SKIPPING

Strategy: #exec
================================================================================
SKIPPING

Strategy: #compile
================================================================================
SKIPPING
