
Strategy: orig
================================================================================
<FUN>
  <k>
    21
  </k>
  <env>
    .Map
  </env>
  <envs>
    ListItem ( $k |-> cc ( .Map , . ) )
    ListItem ( $k |-> cc ( $k |-> cc ( .Map , . )
    throw |-> closure ( $k |-> cc ( .Map , . ) , x -> $k ( x + 1 ) | .Cases ) , popEnv ~> popEnv ~> popEnv ~> popEnv )
    throw |-> closure ( $k |-> cc ( .Map , . ) , x -> $k ( x + 1 ) | .Cases )
    x |-> 10 )
    ListItem ( $k |-> cc ( $k |-> cc ( .Map , . )
    throw |-> closure ( $k |-> cc ( .Map , . ) , x -> $k ( x + 1 ) | .Cases ) , popEnv ~> popEnv ~> popEnv ~> popEnv )
    throw |-> closure ( $k |-> cc ( .Map , . ) , x -> $k ( x + 1 ) | .Cases ) )
    ListItem ( $k |-> cc ( $k |-> cc ( .Map , . )
    throw |-> closure ( $k |-> cc ( .Map , . ) , x -> $k ( x + 1 ) | .Cases ) , popEnv ~> popEnv ~> popEnv ~> popEnv )
    throw |-> closure ( $k |-> cc ( $k |-> cc ( .Map , . )
    throw |-> closure ( $k |-> cc ( .Map , . ) , x -> $k ( x + 1 ) | .Cases ) , popEnv ~> popEnv ~> popEnv ~> popEnv )
    throw |-> closure ( $k |-> cc ( .Map , . ) , x -> $k ( x + 1 ) | .Cases ) , x -> $k ( throw ( 2 * x ) + 7 ) | .Cases ) )
    ListItem ( $k |-> cc ( $k |-> cc ( .Map , . )
    throw |-> closure ( $k |-> cc ( .Map , . ) , x -> $k ( x + 1 ) | .Cases ) , popEnv ~> popEnv ~> popEnv ~> popEnv )
    throw |-> closure ( $k |-> cc ( .Map , . ) , x -> $k ( x + 1 ) | .Cases ) )
    ListItem ( $k |-> cc ( $k |-> cc ( .Map , . )
    throw |-> closure ( $k |-> cc ( .Map , . ) , x -> $k ( x + 1 ) | .Cases ) , popEnv ~> popEnv ~> popEnv ~> popEnv )
    throw |-> closure ( $k |-> cc ( .Map , . ) , x -> $k ( x + 1 ) | .Cases ) )
    ListItem ( $k |-> cc ( .Map , . )
    throw |-> closure ( $k |-> cc ( .Map , . ) , x -> $k ( x + 1 ) | .Cases ) )
    ListItem ( $k |-> cc ( .Map , . )
    throw |-> closure ( $k |-> cc ( .Map , . ) , x -> $k ( x + 1 ) | .Cases ) )
    ListItem ( $k |-> cc ( .Map , . ) )
    ListItem ( $k |-> cc ( .Map , . ) )
    ListItem ( .Map )
    ListItem ( .Map )
  </envs>
</FUN>

Strategy: exec
================================================================================
<kat-FUN>
  <s>
    #STUCK ( )
  </s>
  <kat>
    <analysis>
      .Analysis
    </analysis>
    <states>
      .States
    </states>
  </kat>
  <harness>
    <FUN>
      <k>
        21
      </k>
      <env>
        .Map
      </env>
      <envs>
        ListItem ( $k |-> cc ( .Map , . ) )
        ListItem ( $k |-> cc ( $k |-> cc ( .Map , . )
        throw |-> closure ( $k |-> cc ( .Map , . ) , x -> $k ( x + 1 ) | .Cases ) , popEnv ~> popEnv ~> popEnv ~> popEnv )
        throw |-> closure ( $k |-> cc ( .Map , . ) , x -> $k ( x + 1 ) | .Cases )
        x |-> 10 )
        ListItem ( $k |-> cc ( $k |-> cc ( .Map , . )
        throw |-> closure ( $k |-> cc ( .Map , . ) , x -> $k ( x + 1 ) | .Cases ) , popEnv ~> popEnv ~> popEnv ~> popEnv )
        throw |-> closure ( $k |-> cc ( .Map , . ) , x -> $k ( x + 1 ) | .Cases ) )
        ListItem ( $k |-> cc ( $k |-> cc ( .Map , . )
        throw |-> closure ( $k |-> cc ( .Map , . ) , x -> $k ( x + 1 ) | .Cases ) , popEnv ~> popEnv ~> popEnv ~> popEnv )
        throw |-> closure ( $k |-> cc ( $k |-> cc ( .Map , . )
        throw |-> closure ( $k |-> cc ( .Map , . ) , x -> $k ( x + 1 ) | .Cases ) , popEnv ~> popEnv ~> popEnv ~> popEnv )
        throw |-> closure ( $k |-> cc ( .Map , . ) , x -> $k ( x + 1 ) | .Cases ) , x -> $k ( throw ( 2 * x ) + 7 ) | .Cases ) )
        ListItem ( $k |-> cc ( $k |-> cc ( .Map , . )
        throw |-> closure ( $k |-> cc ( .Map , . ) , x -> $k ( x + 1 ) | .Cases ) , popEnv ~> popEnv ~> popEnv ~> popEnv )
        throw |-> closure ( $k |-> cc ( .Map , . ) , x -> $k ( x + 1 ) | .Cases ) )
        ListItem ( $k |-> cc ( $k |-> cc ( .Map , . )
        throw |-> closure ( $k |-> cc ( .Map , . ) , x -> $k ( x + 1 ) | .Cases ) , popEnv ~> popEnv ~> popEnv ~> popEnv )
        throw |-> closure ( $k |-> cc ( .Map , . ) , x -> $k ( x + 1 ) | .Cases ) )
        ListItem ( $k |-> cc ( .Map , . )
        throw |-> closure ( $k |-> cc ( .Map , . ) , x -> $k ( x + 1 ) | .Cases ) )
        ListItem ( .Map )
      </envs>
    </FUN>
  </harness>
</kat-FUN>

Strategy: compile
================================================================================
<kat-FUN>
  <s>
    #STUCK ( )
  </s>
  <kat>
    <analysis>
      .Rules , < <FUN>
        <k>
          callcc fun $k -> ( fun throw -> callcc ( fun $k -> fun throw -> 3 + throw 10 * 2 | .Cases ( fun x -> $k ( throw ( 2 * x ) + 7 ) | .Cases ) | .Cases ) | .Cases ) ( fun x -> $k ( x + 1 ) | .Cases ) | .Cases
        </k>
        <env>
          .Map
        </env>
        <envs>
          .List
        </envs>
      </FUN> --> <FUN>
        <k>
          21
        </k>
        <env>
          .Map
        </env>
        <envs>
          ListItem ( $k |-> cc ( .Map , . ) )
          ListItem ( $k |-> cc ( $k |-> cc ( .Map , . )
          throw |-> closure ( $k |-> cc ( .Map , . ) , x -> $k ( x + 1 ) | .Cases ) , popEnv ~> popEnv ~> popEnv ~> popEnv )
          throw |-> closure ( $k |-> cc ( .Map , . ) , x -> $k ( x + 1 ) | .Cases )
          x |-> 10 )
          ListItem ( $k |-> cc ( $k |-> cc ( .Map , . )
          throw |-> closure ( $k |-> cc ( .Map , . ) , x -> $k ( x + 1 ) | .Cases ) , popEnv ~> popEnv ~> popEnv ~> popEnv )
          throw |-> closure ( $k |-> cc ( .Map , . ) , x -> $k ( x + 1 ) | .Cases ) )
          ListItem ( $k |-> cc ( $k |-> cc ( .Map , . )
          throw |-> closure ( $k |-> cc ( .Map , . ) , x -> $k ( x + 1 ) | .Cases ) , popEnv ~> popEnv ~> popEnv ~> popEnv )
          throw |-> closure ( $k |-> cc ( $k |-> cc ( .Map , . )
          throw |-> closure ( $k |-> cc ( .Map , . ) , x -> $k ( x + 1 ) | .Cases ) , popEnv ~> popEnv ~> popEnv ~> popEnv )
          throw |-> closure ( $k |-> cc ( .Map , . ) , x -> $k ( x + 1 ) | .Cases ) , x -> $k ( throw ( 2 * x ) + 7 ) | .Cases ) )
          ListItem ( $k |-> cc ( $k |-> cc ( .Map , . )
          throw |-> closure ( $k |-> cc ( .Map , . ) , x -> $k ( x + 1 ) | .Cases ) , popEnv ~> popEnv ~> popEnv ~> popEnv )
          throw |-> closure ( $k |-> cc ( .Map , . ) , x -> $k ( x + 1 ) | .Cases ) )
          ListItem ( $k |-> cc ( $k |-> cc ( .Map , . )
          throw |-> closure ( $k |-> cc ( .Map , . ) , x -> $k ( x + 1 ) | .Cases ) , popEnv ~> popEnv ~> popEnv ~> popEnv )
          throw |-> closure ( $k |-> cc ( .Map , . ) , x -> $k ( x + 1 ) | .Cases ) )
          ListItem ( $k |-> cc ( .Map , . )
          throw |-> closure ( $k |-> cc ( .Map , . ) , x -> $k ( x + 1 ) | .Cases ) )
          ListItem ( .Map )
        </envs>
      </FUN> requires #True >
    </analysis>
    <states>
      .States
    </states>
  </kat>
  <harness>
    <FUN>
      <k>
        21
      </k>
      <env>
        .Map
      </env>
      <envs>
        ListItem ( $k |-> cc ( .Map , . ) )
        ListItem ( $k |-> cc ( $k |-> cc ( .Map , . )
        throw |-> closure ( $k |-> cc ( .Map , . ) , x -> $k ( x + 1 ) | .Cases ) , popEnv ~> popEnv ~> popEnv ~> popEnv )
        throw |-> closure ( $k |-> cc ( .Map , . ) , x -> $k ( x + 1 ) | .Cases )
        x |-> 10 )
        ListItem ( $k |-> cc ( $k |-> cc ( .Map , . )
        throw |-> closure ( $k |-> cc ( .Map , . ) , x -> $k ( x + 1 ) | .Cases ) , popEnv ~> popEnv ~> popEnv ~> popEnv )
        throw |-> closure ( $k |-> cc ( .Map , . ) , x -> $k ( x + 1 ) | .Cases ) )
        ListItem ( $k |-> cc ( $k |-> cc ( .Map , . )
        throw |-> closure ( $k |-> cc ( .Map , . ) , x -> $k ( x + 1 ) | .Cases ) , popEnv ~> popEnv ~> popEnv ~> popEnv )
        throw |-> closure ( $k |-> cc ( $k |-> cc ( .Map , . )
        throw |-> closure ( $k |-> cc ( .Map , . ) , x -> $k ( x + 1 ) | .Cases ) , popEnv ~> popEnv ~> popEnv ~> popEnv )
        throw |-> closure ( $k |-> cc ( .Map , . ) , x -> $k ( x + 1 ) | .Cases ) , x -> $k ( throw ( 2 * x ) + 7 ) | .Cases ) )
        ListItem ( $k |-> cc ( $k |-> cc ( .Map , . )
        throw |-> closure ( $k |-> cc ( .Map , . ) , x -> $k ( x + 1 ) | .Cases ) , popEnv ~> popEnv ~> popEnv ~> popEnv )
        throw |-> closure ( $k |-> cc ( .Map , . ) , x -> $k ( x + 1 ) | .Cases ) )
        ListItem ( $k |-> cc ( $k |-> cc ( .Map , . )
        throw |-> closure ( $k |-> cc ( .Map , . ) , x -> $k ( x + 1 ) | .Cases ) , popEnv ~> popEnv ~> popEnv ~> popEnv )
        throw |-> closure ( $k |-> cc ( .Map , . ) , x -> $k ( x + 1 ) | .Cases ) )
        ListItem ( $k |-> cc ( .Map , . )
        throw |-> closure ( $k |-> cc ( .Map , . ) , x -> $k ( x + 1 ) | .Cases ) )
        ListItem ( .Map )
      </envs>
    </FUN>
  </harness>
</kat-FUN>
