
Strategy: orig
================================================================================
<FUN>
  <k>
    closure ( .Map , x -> let ( y = x ) and .Bindings in y | .Cases )
  </k>
  <env>
    .Map
  </env>
  <envs>
    .List
  </envs>
</FUN>

Strategy: exec
================================================================================
<kat-FUN>
  <s>
    #STUCK ( )
  </s>
  <kat>
    <analysis>
      .Analysis
    </analysis>
    <states>
      .States
    </states>
  </kat>
  <harness>
    <FUN>
      <k>
        closure ( .Map , x -> let ( y = x ) and .Bindings in y | .Cases )
      </k>
      <env>
        .Map
      </env>
      <envs>
        .List
      </envs>
    </FUN>
  </harness>
</kat-FUN>

Strategy: compile
================================================================================
<kat-FUN>
  <s>
    #STUCK ( )
  </s>
  <kat>
    <analysis>
      .Rules , < <FUN>
        <k>
          let ( f = fun x -> let ( y = x ) and .Bindings in y | .Cases ) and .Bindings in ( fun x -> f | .Cases ) 7
        </k>
        <env>
          .Map
        </env>
        <envs>
          .List
        </envs>
      </FUN> --> <FUN>
        <k>
          closure ( .Map , x -> let ( y = x ) and .Bindings in y | .Cases )
        </k>
        <env>
          .Map
        </env>
        <envs>
          .List
        </envs>
      </FUN> requires #True >
    </analysis>
    <states>
      .States
    </states>
  </kat>
  <harness>
    <FUN>
      <k>
        closure ( .Map , x -> let ( y = x ) and .Bindings in y | .Cases )
      </k>
      <env>
        .Map
      </env>
      <envs>
        .List
      </envs>
    </FUN>
  </harness>
</kat-FUN>
