
Strategy: orig
================================================================================
<FUN>
  <k>
    381
  </k>
  <env>
    .Map
  </env>
  <envs>
    .List
  </envs>
</FUN>

Strategy: exec
================================================================================
<kat-FUN>
  <s>
    #STUCK ( )
  </s>
  <kat>
    <analysis>
      .Analysis
    </analysis>
    <states>
      .States
    </states>
  </kat>
  <harness>
    <FUN>
      <k>
        381
      </k>
      <env>
        .Map
      </env>
      <envs>
        .List
      </envs>
    </FUN>
  </harness>
</kat-FUN>

Strategy: compile
================================================================================
<kat-FUN>
  <s>
    #STUCK ( )
  </s>
  <kat>
    <analysis>
      .Rules , < <FUN>
        <k>
          let ( f ( Pair a b ) ( Pair x y ) = a ( Pair x y ) + b ( Pair x y ) ) and .Bindings in f Pair fun ( Pair x y ) -> x * y - 3 + x + y | .Cases fun ( Pair x y ) -> x + y * 7 - 2 - 4 + x | .Cases ( Pair 10 ) 20
        </k>
        <env>
          .Map
        </env>
        <envs>
          .List
        </envs>
      </FUN> --> <FUN>
        <k>
          381
        </k>
        <env>
          .Map
        </env>
        <envs>
          .List
        </envs>
      </FUN> requires #True >
    </analysis>
    <states>
      .States
    </states>
  </kat>
  <harness>
    <FUN>
      <k>
        381
      </k>
      <env>
        .Map
      </env>
      <envs>
        .List
      </envs>
    </FUN>
  </harness>
</kat-FUN>
