BAD OUTPUT: Should take into account possible division by zero.
Result ==K <kat-imp>
  <s>
    #STUCK ( ) ~> #compile-result .Rules , < <imp>
      <k>
        int x , y , .Ids ; x = 10 ; while ( 0 <= x ) { y = y / x ; x = x - 1 ; }
      </k>
      <mem>
        .Map
      </mem>
    </imp> --> <imp>
      <k>
        if ( 0 <= x ) { { y = y / x ; x = x - 1 ; } while ( 0 <= x ) { y = y / x ; x = x - 1 ; } } else { }
      </k>
      <mem>
        x |-> 10
        y |-> V0
      </mem>
    </imp> > , < <imp>
      <k>
        false ~> if ( 0 <= x ) { { y = y / x ; x = x - 1 ; } while ( 0 <= x ) { y = y / x ; x = x - 1 ; } } else { }
      </k>
      <mem>
        x |-> V1
        y |-> V2
      </mem>
    </imp> --> <imp>
      <k>
        .
      </k>
      <mem>
        x |-> V1
        y |-> V2
      </mem>
    </imp> > , < <imp>
      <k>
        true ~> if ( 0 <= x ) { { y = y / x ; x = x - 1 ; } while ( 0 <= x ) { y = y / x ; x = x - 1 ; } } else { }
      </k>
      <mem>
        x |-> V1
        y |-> V2
      </mem>
    </imp> --> <imp>
      <k>
        if ( 0 <= x ) { { y = y / x ; x = x - 1 ; } while ( 0 <= x ) { y = y / x ; x = x - 1 ; } } else { }
      </k>
      <mem>
        x |-> V1 -Int 1
        y |-> V2 /Int V1
      </mem>
    </imp> >
  </s>
  <kat>
    <analysis>
      .Analysis
    </analysis>
    <states>
      .States
    </states>
  </kat>
  <harness>
    <imp>
      <k>
        if ( 0 <= x ) { { y = y / x ; x = x - 1 ; } while ( 0 <= x ) { y = y / x ; x = x - 1 ; } } else { }
      </k>
      <mem>
        x |-> V3
        y |-> V4
      </mem>
    </imp>
  </harness>
</kat-imp>
